ERROR - 2026-05-07 15:31:25 --> Error connecting to the database: mysqli_sql_exception: No connection could be made because the target machine actively refused it in C:\xampp\htdocs\Jago_Nyurat\vendor\codeigniter4\framework\system\Database\MySQLi\Connection.php:201
Stack trace:
#0 C:\xampp\htdocs\Jago_Nyurat\vendor\codeigniter4\framework\system\Database\MySQLi\Connection.php(201): mysqli->real_connect('127.0.0.1', 'root', Object(SensitiveParameterValue), 'jago_nyurat', 3306, '', 0)
#1 C:\xampp\htdocs\Jago_Nyurat\vendor\codeigniter4\framework\system\Database\BaseConnection.php(421): CodeIgniter\Database\MySQLi\Connection->connect(false)
#2 C:\xampp\htdocs\Jago_Nyurat\vendor\codeigniter4\framework\system\Session\Handlers\DatabaseHandler.php(100): CodeIgniter\Database\BaseConnection->initialize()
#3 [internal function]: CodeIgniter\Session\Handlers\DatabaseHandler->open('ci_sessions', 'jn_sess')
#4 C:\xampp\htdocs\Jago_Nyurat\vendor\codeigniter4\framework\system\Session\Session.php(896): session_start()
#5 C:\xampp\htdocs\Jago_Nyurat\vendor\codeigniter4\framework\system\Session\Session.php(242): CodeIgniter\Session\Session->startSession()
#6 C:\xampp\htdocs\Jago_Nyurat\vendor\codeigniter4\framework\system\Config\Services.php(710): CodeIgniter\Session\Session->start()
#7 C:\xampp\htdocs\Jago_Nyurat\vendor\codeigniter4\framework\system\Config\BaseService.php(312): CodeIgniter\Config\Services::session(Object(Config\Session), false)
#8 C:\xampp\htdocs\Jago_Nyurat\vendor\codeigniter4\framework\system\Config\BaseService.php(251): CodeIgniter\Config\BaseService::__callStatic('session', Array)
#9 C:\xampp\htdocs\Jago_Nyurat\vendor\codeigniter4\framework\system\Config\Services.php(668): CodeIgniter\Config\BaseService::getSharedInstance('session', NULL)
#10 C:\xampp\htdocs\Jago_Nyurat\vendor\codeigniter4\framework\system\Config\BaseService.php(321): CodeIgniter\Config\Services::session()
#11 C:\xampp\htdocs\Jago_Nyurat\vendor\codeigniter4\framework\system\Config\BaseService.php(202): CodeIgniter\Config\BaseService::__callStatic('session', Array)
#12 C:\xampp\htdocs\Jago_Nyurat\vendor\codeigniter4\framework\system\Common.php(1000): CodeIgniter\Config\BaseService::get('session')
#13 C:\xampp\htdocs\Jago_Nyurat\vendor\codeigniter4\framework\system\Common.php(973): service('session')
#14 C:\xampp\htdocs\Jago_Nyurat\vendor\myth\auth\src\Authentication\AuthenticationBase.php(128): session('logged_in')
#15 C:\xampp\htdocs\Jago_Nyurat\vendor\myth\auth\src\Authentication\LocalAuthenticator.php(67): Myth\Auth\Authentication\AuthenticationBase->isLoggedIn()
#16 C:\xampp\htdocs\Jago_Nyurat\vendor\myth\auth\src\Filters\LoginFilter.php(29): Myth\Auth\Authentication\LocalAuthenticator->check()
#17 C:\xampp\htdocs\Jago_Nyurat\vendor\codeigniter4\framework\system\Filters\Filters.php(241): Myth\Auth\Filters\LoginFilter->before(Object(CodeIgniter\HTTP\IncomingRequest), NULL)
#18 C:\xampp\htdocs\Jago_Nyurat\vendor\codeigniter4\framework\system\Filters\Filters.php(221): CodeIgniter\Filters\Filters->runBefore(Array)
#19 C:\xampp\htdocs\Jago_Nyurat\vendor\codeigniter4\framework\system\CodeIgniter.php(479): CodeIgniter\Filters\Filters->run('sekum/users', 'before')
#20 C:\xampp\htdocs\Jago_Nyurat\vendor\codeigniter4\framework\system\CodeIgniter.php(354): CodeIgniter\CodeIgniter->handleRequest(NULL, Object(Config\Cache), false)
#21 C:\xampp\htdocs\Jago_Nyurat\vendor\codeigniter4\framework\system\Boot.php(334): CodeIgniter\CodeIgniter->run()
#22 C:\xampp\htdocs\Jago_Nyurat\vendor\codeigniter4\framework\system\Boot.php(67): CodeIgniter\Boot::runCodeIgniter(Object(CodeIgniter\CodeIgniter))
#23 C:\xampp\htdocs\Jago_Nyurat\public\index.php(64): CodeIgniter\Boot::bootWeb(Object(Config\Paths))
#24 C:\xampp\htdocs\Jago_Nyurat\vendor\codeigniter4\framework\system\rewrite.php(44): require_once('C:\\xampp\\htdocs...')
#25 {main}

Next CodeIgniter\Database\Exceptions\DatabaseException: No connection could be made because the target machine actively refused it in C:\xampp\htdocs\Jago_Nyurat\vendor\codeigniter4\framework\system\Database\MySQLi\Connection.php:246
Stack trace:
#0 C:\xampp\htdocs\Jago_Nyurat\vendor\codeigniter4\framework\system\Database\BaseConnection.php(421): CodeIgniter\Database\MySQLi\Connection->connect(false)
#1 C:\xampp\htdocs\Jago_Nyurat\vendor\codeigniter4\framework\system\Session\Handlers\DatabaseHandler.php(100): CodeIgniter\Database\BaseConnection->initialize()
#2 [internal function]: CodeIgniter\Session\Handlers\DatabaseHandler->open('ci_sessions', 'jn_sess')
#3 C:\xampp\htdocs\Jago_Nyurat\vendor\codeigniter4\framework\system\Session\Session.php(896): session_start()
#4 C:\xampp\htdocs\Jago_Nyurat\vendor\codeigniter4\framework\system\Session\Session.php(242): CodeIgniter\Session\Session->startSession()
#5 C:\xampp\htdocs\Jago_Nyurat\vendor\codeigniter4\framework\system\Config\Services.php(710): CodeIgniter\Session\Session->start()
#6 C:\xampp\htdocs\Jago_Nyurat\vendor\codeigniter4\framework\system\Config\BaseService.php(312): CodeIgniter\Config\Services::session(Object(Config\Session), false)
#7 C:\xampp\htdocs\Jago_Nyurat\vendor\codeigniter4\framework\system\Config\BaseService.php(251): CodeIgniter\Config\BaseService::__callStatic('session', Array)
#8 C:\xampp\htdocs\Jago_Nyurat\vendor\codeigniter4\framework\system\Config\Services.php(668): CodeIgniter\Config\BaseService::getSharedInstance('session', NULL)
#9 C:\xampp\htdocs\Jago_Nyurat\vendor\codeigniter4\framework\system\Config\BaseService.php(321): CodeIgniter\Config\Services::session()
#10 C:\xampp\htdocs\Jago_Nyurat\vendor\codeigniter4\framework\system\Config\BaseService.php(202): CodeIgniter\Config\BaseService::__callStatic('session', Array)
#11 C:\xampp\htdocs\Jago_Nyurat\vendor\codeigniter4\framework\system\Common.php(1000): CodeIgniter\Config\BaseService::get('session')
#12 C:\xampp\htdocs\Jago_Nyurat\vendor\codeigniter4\framework\system\Common.php(973): service('session')
#13 C:\xampp\htdocs\Jago_Nyurat\vendor\myth\auth\src\Authentication\AuthenticationBase.php(128): session('logged_in')
#14 C:\xampp\htdocs\Jago_Nyurat\vendor\myth\auth\src\Authentication\LocalAuthenticator.php(67): Myth\Auth\Authentication\AuthenticationBase->isLoggedIn()
#15 C:\xampp\htdocs\Jago_Nyurat\vendor\myth\auth\src\Filters\LoginFilter.php(29): Myth\Auth\Authentication\LocalAuthenticator->check()
#16 C:\xampp\htdocs\Jago_Nyurat\vendor\codeigniter4\framework\system\Filters\Filters.php(241): Myth\Auth\Filters\LoginFilter->before(Object(CodeIgniter\HTTP\IncomingRequest), NULL)
#17 C:\xampp\htdocs\Jago_Nyurat\vendor\codeigniter4\framework\system\Filters\Filters.php(221): CodeIgniter\Filters\Filters->runBefore(Array)
#18 C:\xampp\htdocs\Jago_Nyurat\vendor\codeigniter4\framework\system\CodeIgniter.php(479): CodeIgniter\Filters\Filters->run('sekum/users', 'before')
#19 C:\xampp\htdocs\Jago_Nyurat\vendor\codeigniter4\framework\system\CodeIgniter.php(354): CodeIgniter\CodeIgniter->handleRequest(NULL, Object(Config\Cache), false)
#20 C:\xampp\htdocs\Jago_Nyurat\vendor\codeigniter4\framework\system\Boot.php(334): CodeIgniter\CodeIgniter->run()
#21 C:\xampp\htdocs\Jago_Nyurat\vendor\codeigniter4\framework\system\Boot.php(67): CodeIgniter\Boot::runCodeIgniter(Object(CodeIgniter\CodeIgniter))
#22 C:\xampp\htdocs\Jago_Nyurat\public\index.php(64): CodeIgniter\Boot::bootWeb(Object(Config\Paths))
#23 C:\xampp\htdocs\Jago_Nyurat\vendor\codeigniter4\framework\system\rewrite.php(44): require_once('C:\\xampp\\htdocs...')
#24 {main}
CRITICAL - 2026-05-07 15:31:25 --> CodeIgniter\Database\Exceptions\DatabaseException: Unable to connect to the database.
Main connection [MySQLi]: No connection could be made because the target machine actively refused it
[Method: GET, Route: sekum/users]
in SYSTEMPATH\Database\BaseConnection.php on line 467.
 1 SYSTEMPATH\Session\Handlers\DatabaseHandler.php(100): CodeIgniter\Database\BaseConnection->initialize()
 2 [internal function]: CodeIgniter\Session\Handlers\DatabaseHandler->open('ci_sessions', 'jn_sess')
 3 SYSTEMPATH\Session\Session.php(896): session_start()
 4 SYSTEMPATH\Session\Session.php(242): CodeIgniter\Session\Session->startSession()
 5 SYSTEMPATH\Config\Services.php(710): CodeIgniter\Session\Session->start()
 6 SYSTEMPATH\Config\BaseService.php(312): CodeIgniter\Config\Services::session(Object(Config\Session), false)
 7 SYSTEMPATH\Config\BaseService.php(251): CodeIgniter\Config\BaseService::__callStatic('session', [...])
 8 SYSTEMPATH\Config\Services.php(668): CodeIgniter\Config\BaseService::getSharedInstance('session', null)
 9 SYSTEMPATH\Config\BaseService.php(321): CodeIgniter\Config\Services::session()
10 SYSTEMPATH\Config\BaseService.php(202): CodeIgniter\Config\BaseService::__callStatic('session', [])
11 SYSTEMPATH\Common.php(1000): CodeIgniter\Config\BaseService::get('session')
12 SYSTEMPATH\Common.php(973): service('session')
13 VENDORPATH\myth\auth\src\Authentication\AuthenticationBase.php(128): session('logged_in')
14 VENDORPATH\myth\auth\src\Authentication\LocalAuthenticator.php(67): Myth\Auth\Authentication\AuthenticationBase->isLoggedIn()
15 VENDORPATH\myth\auth\src\Filters\LoginFilter.php(29): Myth\Auth\Authentication\LocalAuthenticator->check()
16 SYSTEMPATH\Filters\Filters.php(241): Myth\Auth\Filters\LoginFilter->before(Object(CodeIgniter\HTTP\IncomingRequest), null)
17 SYSTEMPATH\Filters\Filters.php(221): CodeIgniter\Filters\Filters->runBefore([...])
18 SYSTEMPATH\CodeIgniter.php(479): CodeIgniter\Filters\Filters->run('sekum/users', 'before')
19 SYSTEMPATH\CodeIgniter.php(354): CodeIgniter\CodeIgniter->handleRequest(null, Object(Config\Cache), false)
20 SYSTEMPATH\Boot.php(334): CodeIgniter\CodeIgniter->run()
21 SYSTEMPATH\Boot.php(67): CodeIgniter\Boot::runCodeIgniter(Object(CodeIgniter\CodeIgniter))
22 FCPATH\index.php(64): CodeIgniter\Boot::bootWeb(Object(Config\Paths))
23 SYSTEMPATH\rewrite.php(44): require_once('C:\\xampp\\htdocs\\Jago_Nyurat\\public\\index.php')
CRITICAL - 2026-05-07 19:56:29 --> CodeIgniter\Security\Exceptions\SecurityException: The action you requested is not allowed.
[Method: POST, Route: notifikasi/baca-semua]
in SYSTEMPATH\Security\Security.php on line 262.
 1 SYSTEMPATH\Security\Security.php(262): CodeIgniter\Security\Exceptions\SecurityException::forDisallowedAction()
 2 SYSTEMPATH\Filters\CSRF.php(52): CodeIgniter\Security\Security->verify(Object(CodeIgniter\HTTP\IncomingRequest))
 3 SYSTEMPATH\Filters\Filters.php(241): CodeIgniter\Filters\CSRF->before(Object(CodeIgniter\HTTP\IncomingRequest), null)
 4 SYSTEMPATH\Filters\Filters.php(221): CodeIgniter\Filters\Filters->runBefore([...])
 5 SYSTEMPATH\CodeIgniter.php(479): CodeIgniter\Filters\Filters->run('notifikasi/baca-semua', 'before')
 6 SYSTEMPATH\CodeIgniter.php(354): CodeIgniter\CodeIgniter->handleRequest(null, Object(Config\Cache), false)
 7 SYSTEMPATH\Boot.php(334): CodeIgniter\CodeIgniter->run()
 8 SYSTEMPATH\Boot.php(67): CodeIgniter\Boot::runCodeIgniter(Object(CodeIgniter\CodeIgniter))
 9 FCPATH\index.php(64): CodeIgniter\Boot::bootWeb(Object(Config\Paths))
10 SYSTEMPATH\rewrite.php(44): require_once('C:\\xampp\\htdocs\\Jago_Nyurat\\public\\index.php')
CRITICAL - 2026-05-07 19:56:47 --> CodeIgniter\Security\Exceptions\SecurityException: The action you requested is not allowed.
[Method: POST, Route: notifikasi/baca-semua]
in SYSTEMPATH\Security\Security.php on line 262.
 1 SYSTEMPATH\Security\Security.php(262): CodeIgniter\Security\Exceptions\SecurityException::forDisallowedAction()
 2 SYSTEMPATH\Filters\CSRF.php(52): CodeIgniter\Security\Security->verify(Object(CodeIgniter\HTTP\IncomingRequest))
 3 SYSTEMPATH\Filters\Filters.php(241): CodeIgniter\Filters\CSRF->before(Object(CodeIgniter\HTTP\IncomingRequest), null)
 4 SYSTEMPATH\Filters\Filters.php(221): CodeIgniter\Filters\Filters->runBefore([...])
 5 SYSTEMPATH\CodeIgniter.php(479): CodeIgniter\Filters\Filters->run('notifikasi/baca-semua', 'before')
 6 SYSTEMPATH\CodeIgniter.php(354): CodeIgniter\CodeIgniter->handleRequest(null, Object(Config\Cache), false)
 7 SYSTEMPATH\Boot.php(334): CodeIgniter\CodeIgniter->run()
 8 SYSTEMPATH\Boot.php(67): CodeIgniter\Boot::runCodeIgniter(Object(CodeIgniter\CodeIgniter))
 9 FCPATH\index.php(64): CodeIgniter\Boot::bootWeb(Object(Config\Paths))
10 SYSTEMPATH\rewrite.php(44): require_once('C:\\xampp\\htdocs\\Jago_Nyurat\\public\\index.php')
CRITICAL - 2026-05-07 20:12:59 --> CodeIgniter\Security\Exceptions\SecurityException: The action you requested is not allowed.
[Method: POST, Route: notifikasi/baca-semua]
in SYSTEMPATH\Security\Security.php on line 262.
 1 SYSTEMPATH\Security\Security.php(262): CodeIgniter\Security\Exceptions\SecurityException::forDisallowedAction()
 2 SYSTEMPATH\Filters\CSRF.php(52): CodeIgniter\Security\Security->verify(Object(CodeIgniter\HTTP\IncomingRequest))
 3 SYSTEMPATH\Filters\Filters.php(241): CodeIgniter\Filters\CSRF->before(Object(CodeIgniter\HTTP\IncomingRequest), null)
 4 SYSTEMPATH\Filters\Filters.php(221): CodeIgniter\Filters\Filters->runBefore([...])
 5 SYSTEMPATH\CodeIgniter.php(479): CodeIgniter\Filters\Filters->run('notifikasi/baca-semua', 'before')
 6 SYSTEMPATH\CodeIgniter.php(354): CodeIgniter\CodeIgniter->handleRequest(null, Object(Config\Cache), false)
 7 SYSTEMPATH\Boot.php(334): CodeIgniter\CodeIgniter->run()
 8 SYSTEMPATH\Boot.php(67): CodeIgniter\Boot::runCodeIgniter(Object(CodeIgniter\CodeIgniter))
 9 FCPATH\index.php(64): CodeIgniter\Boot::bootWeb(Object(Config\Paths))
10 SYSTEMPATH\rewrite.php(44): require_once('C:\\xampp\\htdocs\\Jago_Nyurat\\public\\index.php')
CRITICAL - 2026-05-07 20:20:49 --> CodeIgniter\Security\Exceptions\SecurityException: The action you requested is not allowed.
[Method: POST, Route: notifikasi/baca-semua]
in SYSTEMPATH\Security\Security.php on line 262.
 1 SYSTEMPATH\Security\Security.php(262): CodeIgniter\Security\Exceptions\SecurityException::forDisallowedAction()
 2 SYSTEMPATH\Filters\CSRF.php(52): CodeIgniter\Security\Security->verify(Object(CodeIgniter\HTTP\IncomingRequest))
 3 SYSTEMPATH\Filters\Filters.php(241): CodeIgniter\Filters\CSRF->before(Object(CodeIgniter\HTTP\IncomingRequest), null)
 4 SYSTEMPATH\Filters\Filters.php(221): CodeIgniter\Filters\Filters->runBefore([...])
 5 SYSTEMPATH\CodeIgniter.php(479): CodeIgniter\Filters\Filters->run('notifikasi/baca-semua', 'before')
 6 SYSTEMPATH\CodeIgniter.php(354): CodeIgniter\CodeIgniter->handleRequest(null, Object(Config\Cache), false)
 7 SYSTEMPATH\Boot.php(334): CodeIgniter\CodeIgniter->run()
 8 SYSTEMPATH\Boot.php(67): CodeIgniter\Boot::runCodeIgniter(Object(CodeIgniter\CodeIgniter))
 9 FCPATH\index.php(64): CodeIgniter\Boot::bootWeb(Object(Config\Paths))
10 SYSTEMPATH\rewrite.php(44): require_once('C:\\xampp\\htdocs\\Jago_Nyurat\\public\\index.php')
ERROR - 2026-05-07 21:23:27 --> Error connecting to the database: mysqli_sql_exception: No connection could be made because the target machine actively refused it in C:\xampp\htdocs\Jago_Nyurat\vendor\codeigniter4\framework\system\Database\MySQLi\Connection.php:201
Stack trace:
#0 C:\xampp\htdocs\Jago_Nyurat\vendor\codeigniter4\framework\system\Database\MySQLi\Connection.php(201): mysqli->real_connect('127.0.0.1', 'root', Object(SensitiveParameterValue), 'jago_nyurat', 3306, '', 0)
#1 C:\xampp\htdocs\Jago_Nyurat\vendor\codeigniter4\framework\system\Database\BaseConnection.php(421): CodeIgniter\Database\MySQLi\Connection->connect(false)
#2 C:\xampp\htdocs\Jago_Nyurat\vendor\codeigniter4\framework\system\Session\Handlers\DatabaseHandler.php(100): CodeIgniter\Database\BaseConnection->initialize()
#3 [internal function]: CodeIgniter\Session\Handlers\DatabaseHandler->open('ci_sessions', 'jn_sess')
#4 C:\xampp\htdocs\Jago_Nyurat\vendor\codeigniter4\framework\system\Session\Session.php(896): session_start()
#5 C:\xampp\htdocs\Jago_Nyurat\vendor\codeigniter4\framework\system\Session\Session.php(242): CodeIgniter\Session\Session->startSession()
#6 C:\xampp\htdocs\Jago_Nyurat\vendor\codeigniter4\framework\system\Config\Services.php(710): CodeIgniter\Session\Session->start()
#7 C:\xampp\htdocs\Jago_Nyurat\vendor\codeigniter4\framework\system\Config\BaseService.php(312): CodeIgniter\Config\Services::session(Object(Config\Session), false)
#8 C:\xampp\htdocs\Jago_Nyurat\vendor\codeigniter4\framework\system\Config\BaseService.php(251): CodeIgniter\Config\BaseService::__callStatic('session', Array)
#9 C:\xampp\htdocs\Jago_Nyurat\vendor\codeigniter4\framework\system\Config\Services.php(668): CodeIgniter\Config\BaseService::getSharedInstance('session', NULL)
#10 C:\xampp\htdocs\Jago_Nyurat\vendor\codeigniter4\framework\system\Config\BaseService.php(321): CodeIgniter\Config\Services::session()
#11 C:\xampp\htdocs\Jago_Nyurat\vendor\codeigniter4\framework\system\Config\BaseService.php(202): CodeIgniter\Config\BaseService::__callStatic('session', Array)
#12 C:\xampp\htdocs\Jago_Nyurat\vendor\codeigniter4\framework\system\Common.php(1000): CodeIgniter\Config\BaseService::get('session')
#13 C:\xampp\htdocs\Jago_Nyurat\vendor\codeigniter4\framework\system\Common.php(973): service('session')
#14 C:\xampp\htdocs\Jago_Nyurat\vendor\myth\auth\src\Authentication\AuthenticationBase.php(128): session('logged_in')
#15 C:\xampp\htdocs\Jago_Nyurat\vendor\myth\auth\src\Authentication\LocalAuthenticator.php(67): Myth\Auth\Authentication\AuthenticationBase->isLoggedIn()
#16 C:\xampp\htdocs\Jago_Nyurat\vendor\myth\auth\src\Filters\LoginFilter.php(29): Myth\Auth\Authentication\LocalAuthenticator->check()
#17 C:\xampp\htdocs\Jago_Nyurat\vendor\codeigniter4\framework\system\Filters\Filters.php(241): Myth\Auth\Filters\LoginFilter->before(Object(CodeIgniter\HTTP\IncomingRequest), NULL)
#18 C:\xampp\htdocs\Jago_Nyurat\vendor\codeigniter4\framework\system\Filters\Filters.php(221): CodeIgniter\Filters\Filters->runBefore(Array)
#19 C:\xampp\htdocs\Jago_Nyurat\vendor\codeigniter4\framework\system\CodeIgniter.php(479): CodeIgniter\Filters\Filters->run('sekum', 'before')
#20 C:\xampp\htdocs\Jago_Nyurat\vendor\codeigniter4\framework\system\CodeIgniter.php(354): CodeIgniter\CodeIgniter->handleRequest(NULL, Object(Config\Cache), false)
#21 C:\xampp\htdocs\Jago_Nyurat\vendor\codeigniter4\framework\system\Boot.php(334): CodeIgniter\CodeIgniter->run()
#22 C:\xampp\htdocs\Jago_Nyurat\vendor\codeigniter4\framework\system\Boot.php(67): CodeIgniter\Boot::runCodeIgniter(Object(CodeIgniter\CodeIgniter))
#23 C:\xampp\htdocs\Jago_Nyurat\public\index.php(64): CodeIgniter\Boot::bootWeb(Object(Config\Paths))
#24 C:\xampp\htdocs\Jago_Nyurat\vendor\codeigniter4\framework\system\rewrite.php(44): require_once('C:\\xampp\\htdocs...')
#25 {main}

Next CodeIgniter\Database\Exceptions\DatabaseException: No connection could be made because the target machine actively refused it in C:\xampp\htdocs\Jago_Nyurat\vendor\codeigniter4\framework\system\Database\MySQLi\Connection.php:246
Stack trace:
#0 C:\xampp\htdocs\Jago_Nyurat\vendor\codeigniter4\framework\system\Database\BaseConnection.php(421): CodeIgniter\Database\MySQLi\Connection->connect(false)
#1 C:\xampp\htdocs\Jago_Nyurat\vendor\codeigniter4\framework\system\Session\Handlers\DatabaseHandler.php(100): CodeIgniter\Database\BaseConnection->initialize()
#2 [internal function]: CodeIgniter\Session\Handlers\DatabaseHandler->open('ci_sessions', 'jn_sess')
#3 C:\xampp\htdocs\Jago_Nyurat\vendor\codeigniter4\framework\system\Session\Session.php(896): session_start()
#4 C:\xampp\htdocs\Jago_Nyurat\vendor\codeigniter4\framework\system\Session\Session.php(242): CodeIgniter\Session\Session->startSession()
#5 C:\xampp\htdocs\Jago_Nyurat\vendor\codeigniter4\framework\system\Config\Services.php(710): CodeIgniter\Session\Session->start()
#6 C:\xampp\htdocs\Jago_Nyurat\vendor\codeigniter4\framework\system\Config\BaseService.php(312): CodeIgniter\Config\Services::session(Object(Config\Session), false)
#7 C:\xampp\htdocs\Jago_Nyurat\vendor\codeigniter4\framework\system\Config\BaseService.php(251): CodeIgniter\Config\BaseService::__callStatic('session', Array)
#8 C:\xampp\htdocs\Jago_Nyurat\vendor\codeigniter4\framework\system\Config\Services.php(668): CodeIgniter\Config\BaseService::getSharedInstance('session', NULL)
#9 C:\xampp\htdocs\Jago_Nyurat\vendor\codeigniter4\framework\system\Config\BaseService.php(321): CodeIgniter\Config\Services::session()
#10 C:\xampp\htdocs\Jago_Nyurat\vendor\codeigniter4\framework\system\Config\BaseService.php(202): CodeIgniter\Config\BaseService::__callStatic('session', Array)
#11 C:\xampp\htdocs\Jago_Nyurat\vendor\codeigniter4\framework\system\Common.php(1000): CodeIgniter\Config\BaseService::get('session')
#12 C:\xampp\htdocs\Jago_Nyurat\vendor\codeigniter4\framework\system\Common.php(973): service('session')
#13 C:\xampp\htdocs\Jago_Nyurat\vendor\myth\auth\src\Authentication\AuthenticationBase.php(128): session('logged_in')
#14 C:\xampp\htdocs\Jago_Nyurat\vendor\myth\auth\src\Authentication\LocalAuthenticator.php(67): Myth\Auth\Authentication\AuthenticationBase->isLoggedIn()
#15 C:\xampp\htdocs\Jago_Nyurat\vendor\myth\auth\src\Filters\LoginFilter.php(29): Myth\Auth\Authentication\LocalAuthenticator->check()
#16 C:\xampp\htdocs\Jago_Nyurat\vendor\codeigniter4\framework\system\Filters\Filters.php(241): Myth\Auth\Filters\LoginFilter->before(Object(CodeIgniter\HTTP\IncomingRequest), NULL)
#17 C:\xampp\htdocs\Jago_Nyurat\vendor\codeigniter4\framework\system\Filters\Filters.php(221): CodeIgniter\Filters\Filters->runBefore(Array)
#18 C:\xampp\htdocs\Jago_Nyurat\vendor\codeigniter4\framework\system\CodeIgniter.php(479): CodeIgniter\Filters\Filters->run('sekum', 'before')
#19 C:\xampp\htdocs\Jago_Nyurat\vendor\codeigniter4\framework\system\CodeIgniter.php(354): CodeIgniter\CodeIgniter->handleRequest(NULL, Object(Config\Cache), false)
#20 C:\xampp\htdocs\Jago_Nyurat\vendor\codeigniter4\framework\system\Boot.php(334): CodeIgniter\CodeIgniter->run()
#21 C:\xampp\htdocs\Jago_Nyurat\vendor\codeigniter4\framework\system\Boot.php(67): CodeIgniter\Boot::runCodeIgniter(Object(CodeIgniter\CodeIgniter))
#22 C:\xampp\htdocs\Jago_Nyurat\public\index.php(64): CodeIgniter\Boot::bootWeb(Object(Config\Paths))
#23 C:\xampp\htdocs\Jago_Nyurat\vendor\codeigniter4\framework\system\rewrite.php(44): require_once('C:\\xampp\\htdocs...')
#24 {main}
CRITICAL - 2026-05-07 21:23:27 --> CodeIgniter\Database\Exceptions\DatabaseException: Unable to connect to the database.
Main connection [MySQLi]: No connection could be made because the target machine actively refused it
[Method: GET, Route: sekum]
in SYSTEMPATH\Database\BaseConnection.php on line 467.
 1 SYSTEMPATH\Session\Handlers\DatabaseHandler.php(100): CodeIgniter\Database\BaseConnection->initialize()
 2 [internal function]: CodeIgniter\Session\Handlers\DatabaseHandler->open('ci_sessions', 'jn_sess')
 3 SYSTEMPATH\Session\Session.php(896): session_start()
 4 SYSTEMPATH\Session\Session.php(242): CodeIgniter\Session\Session->startSession()
 5 SYSTEMPATH\Config\Services.php(710): CodeIgniter\Session\Session->start()
 6 SYSTEMPATH\Config\BaseService.php(312): CodeIgniter\Config\Services::session(Object(Config\Session), false)
 7 SYSTEMPATH\Config\BaseService.php(251): CodeIgniter\Config\BaseService::__callStatic('session', [...])
 8 SYSTEMPATH\Config\Services.php(668): CodeIgniter\Config\BaseService::getSharedInstance('session', null)
 9 SYSTEMPATH\Config\BaseService.php(321): CodeIgniter\Config\Services::session()
10 SYSTEMPATH\Config\BaseService.php(202): CodeIgniter\Config\BaseService::__callStatic('session', [])
11 SYSTEMPATH\Common.php(1000): CodeIgniter\Config\BaseService::get('session')
12 SYSTEMPATH\Common.php(973): service('session')
13 VENDORPATH\myth\auth\src\Authentication\AuthenticationBase.php(128): session('logged_in')
14 VENDORPATH\myth\auth\src\Authentication\LocalAuthenticator.php(67): Myth\Auth\Authentication\AuthenticationBase->isLoggedIn()
15 VENDORPATH\myth\auth\src\Filters\LoginFilter.php(29): Myth\Auth\Authentication\LocalAuthenticator->check()
16 SYSTEMPATH\Filters\Filters.php(241): Myth\Auth\Filters\LoginFilter->before(Object(CodeIgniter\HTTP\IncomingRequest), null)
17 SYSTEMPATH\Filters\Filters.php(221): CodeIgniter\Filters\Filters->runBefore([...])
18 SYSTEMPATH\CodeIgniter.php(479): CodeIgniter\Filters\Filters->run('sekum', 'before')
19 SYSTEMPATH\CodeIgniter.php(354): CodeIgniter\CodeIgniter->handleRequest(null, Object(Config\Cache), false)
20 SYSTEMPATH\Boot.php(334): CodeIgniter\CodeIgniter->run()
21 SYSTEMPATH\Boot.php(67): CodeIgniter\Boot::runCodeIgniter(Object(CodeIgniter\CodeIgniter))
22 FCPATH\index.php(64): CodeIgniter\Boot::bootWeb(Object(Config\Paths))
23 SYSTEMPATH\rewrite.php(44): require_once('C:\\xampp\\htdocs\\Jago_Nyurat\\public\\index.php')
