ERROR - 2026-04-20 09:50:11 --> [PuppeteerPdf] Gagal generate PDF. Exit code: 1
ERROR - 2026-04-20 09:50:11 --> [PuppeteerPdf] Output: Puppeteer error: Navigation timeout of 30000 ms exceeded
ERROR - 2026-04-20 10:04:55 --> [PuppeteerPdf] Gagal generate PDF. Exit code: 1
ERROR - 2026-04-20 10:04:55 --> [PuppeteerPdf] Output: [pdf-generator] Error: Navigation timeout of 30000 ms exceeded
ERROR: The process with PID 18288 (child process of PID 24912) could not be terminated.
Reason: The operation attempted is not supported.
ERROR - 2026-04-20 14:38:50 --> [PuppeteerPdf] Gagal generate PDF. Exit code: 1
ERROR - 2026-04-20 14:38:50 --> [PuppeteerPdf] Output: [pdf-generator] Error: Navigation timeout of 30000 ms exceeded
CRITICAL - 2026-04-20 16:14:49 --> ErrorException: Undefined variable $isApproved
[Method: POST, Route: sekpel/surat/preview]
in APPPATH\Views\Sekpel\Surat\cetak.php on line 504.
 1 APPPATH\Views\Sekpel\Surat\cetak.php(504): CodeIgniter\Debug\Exceptions->errorHandler(2, 'Undefined variable $isApproved', 'C:\\xampp\\htdocs\\Jago_Nyurat\\app\\Views\\Sekpel\\Surat\\cetak.php', 504)
 2 SYSTEMPATH\View\View.php(224): include('C:\\xampp\\htdocs\\Jago_Nyurat\\app\\Views\\Sekpel\\Surat\\cetak.php')
 3 SYSTEMPATH\View\View.php(227): CodeIgniter\View\View->CodeIgniter\View\{closure}()
 4 SYSTEMPATH\Common.php(1173): CodeIgniter\View\View->render('Sekpel/Surat/cetak', [], true)
 5 APPPATH\Controllers\SekpelController.php(424): view('Sekpel/Surat/cetak', [...])
 6 SYSTEMPATH\CodeIgniter.php(933): App\Controllers\SekpelController->previewHtml()
 7 SYSTEMPATH\CodeIgniter.php(507): CodeIgniter\CodeIgniter->runController(Object(App\Controllers\SekpelController))
 8 SYSTEMPATH\CodeIgniter.php(354): CodeIgniter\CodeIgniter->handleRequest(null, Object(Config\Cache), false)
 9 SYSTEMPATH\Boot.php(334): CodeIgniter\CodeIgniter->run()
10 SYSTEMPATH\Boot.php(67): CodeIgniter\Boot::runCodeIgniter(Object(CodeIgniter\CodeIgniter))
11 FCPATH\index.php(64): CodeIgniter\Boot::bootWeb(Object(Config\Paths))
12 SYSTEMPATH\rewrite.php(44): require_once('C:\\xampp\\htdocs\\Jago_Nyurat\\public\\index.php')
CRITICAL - 2026-04-20 16:14:57 --> ErrorException: Undefined variable $isApproved
[Method: POST, Route: sekpel/surat/preview]
in APPPATH\Views\Sekpel\Surat\cetak.php on line 504.
 1 APPPATH\Views\Sekpel\Surat\cetak.php(504): CodeIgniter\Debug\Exceptions->errorHandler(2, 'Undefined variable $isApproved', 'C:\\xampp\\htdocs\\Jago_Nyurat\\app\\Views\\Sekpel\\Surat\\cetak.php', 504)
 2 SYSTEMPATH\View\View.php(224): include('C:\\xampp\\htdocs\\Jago_Nyurat\\app\\Views\\Sekpel\\Surat\\cetak.php')
 3 SYSTEMPATH\View\View.php(227): CodeIgniter\View\View->CodeIgniter\View\{closure}()
 4 SYSTEMPATH\Common.php(1173): CodeIgniter\View\View->render('Sekpel/Surat/cetak', [], true)
 5 APPPATH\Controllers\SekpelController.php(424): view('Sekpel/Surat/cetak', [...])
 6 SYSTEMPATH\CodeIgniter.php(933): App\Controllers\SekpelController->previewHtml()
 7 SYSTEMPATH\CodeIgniter.php(507): CodeIgniter\CodeIgniter->runController(Object(App\Controllers\SekpelController))
 8 SYSTEMPATH\CodeIgniter.php(354): CodeIgniter\CodeIgniter->handleRequest(null, Object(Config\Cache), false)
 9 SYSTEMPATH\Boot.php(334): CodeIgniter\CodeIgniter->run()
10 SYSTEMPATH\Boot.php(67): CodeIgniter\Boot::runCodeIgniter(Object(CodeIgniter\CodeIgniter))
11 FCPATH\index.php(64): CodeIgniter\Boot::bootWeb(Object(Config\Paths))
12 SYSTEMPATH\rewrite.php(44): require_once('C:\\xampp\\htdocs\\Jago_Nyurat\\public\\index.php')
